/*C4*/SET SCHEMA PUBLIC
DISCONNECT
/*C5*/SET SCHEMA PUBLIC
INSERT INTO AGENT VALUES(120,'0','Juan Torres Pardo123','Juan Torres Pardo','juan@example.com','0 1','1')
COMMIT
INSERT INTO AGENT VALUES(121,'1','Luis L\u00f3pez Fernando123','Luis L\u00f3pez Fernando','luis@example.com','0 2','1')
COMMIT
INSERT INTO AGENT VALUES(122,'2','Ana Torres Pardo123','Ana Torres Pardo','ana@example.com',NULL,'1')
COMMIT
INSERT INTO AGENT VALUES(123,'3','Entidad 01123','Entidad 01','E1@example.com','0 1','2')
COMMIT
INSERT INTO AGENT VALUES(124,'4','Entidad 02123','Entidad 02','E2@example.com',NULL,'2')
COMMIT
INSERT INTO AGENT VALUES(125,'5','Sensor 01123','Sensor 01','S1@example.com','2 1','3')
COMMIT
INSERT INTO AGENT VALUES(126,'6','Sensor 02123','Sensor 02','S2@example.com','3 0','3')
COMMIT
DELETE FROM AGENT WHERE ID=120
DELETE FROM AGENT WHERE ID=121
DELETE FROM AGENT WHERE ID=122
DELETE FROM AGENT WHERE ID=123
DELETE FROM AGENT WHERE ID=124
DELETE FROM AGENT WHERE ID=125
DELETE FROM AGENT WHERE ID=126
COMMIT
DISCONNECT
